// Vitest Snapshot v1, https://vitest.dev/guide/snapshot.html

exports[`Philosophy > matches the snapshot 1`] = `
<div>
  <div
    class="grid screen-section items-center justify-end overflow-hidden px-2 lg:pr-24"
  >
    <section
      class="relative screen-container"
    >
      <div
        class="absolute top-1/2 left-1/2 -z-10 -translate-1/2 aspect-square max-square-size rounded-full bg-radial from-secondary-500/15 from-0% to-secondary-500/0 to-100% blur-2xl"
      />
      <div
        class="flex measure-body flex-col gap-7"
      >
        <h2
          class="heading-lg md:text-right md:heading-xl"
        >
          Built After Hours
        </h2>
        <p
          class="w-full max-w-[48ch] md:text-right"
        >
          Nightstem is a studio for focused software. We value clarity and intent over noise and distraction. Built after hours, our projects are shaped with care and designed to last.
        </p>
      </div>
    </section>
  </div>
</div>
`;
