// Vitest Snapshot v1, https://vitest.dev/guide/snapshot.html

exports[`NotFound > renders correctly with snapshot 1`] = `
<main
  class="h-full w-full grid place-items-center overflow-hidden"
>
  <article
    aria-labelledby="nf-title"
    class="grid gap-6 w-full max-w-[64ch] px-4"
  >
    <header
      class="grid gap-4 w-full"
    >
      <div
        class="inline-flex items-center gap-2"
      >
        <svg
          aria-hidden="true"
          class="text-primary-500 h-[1.066rem] w-[1.066rem] animate-pulse shrink-0"
          fill="none"
          viewBox="0 0 500 500"
          xmlns="http://www.w3.org/2000/svg"
        >
          <path
            d="M346.04 135.875L500 245.427L161.185 495.252C157.629 497.874 151.828 497.923 148.228 495.362L0.786259 390.448L346.04 135.875Z"
            fill="currentColor"
          />
          <path
            d="M148.322 4.74771C151.878 2.12562 157.68 2.07657 161.279 4.63814L333.785 127.386L179.023 241.499L9.54552e-05 114.113L148.322 4.74771Z"
            fill="currentColor"
          />
        </svg>
        <span
          class="heading-sm"
        >
          Nightstem
        </span>
      </div>
      <h1
        class="heading-lg"
        id="nf-title"
      >
        CRT Afterimage
      </h1>
    </header>
    <div
      class="flex flex-col gap-12"
    >
      <p
        class="text-neutral-400"
      >
        A ghost of content lingers, unreadable and green.
      </p>
      <div
        class="w-full flex flex-col gap-4"
      >
        <div
          class="flex gap-3"
        >
          <button
            class="select-none whitespace-nowrap font-medium cursor-pointer disabled:cursor-not-allowed transition-colors duration-200 motion-reduce:transition-none focus-visible:outline-none focus-visible:ring-2 focus-visible:ring-offset-2 ring-offset-dark text-base px-4 py-2 rounded-md text-primary-500 bg-transparent border border-primary-500 hover:border-primary-400 active:border-primary-400 hover:bg-primary-500/20 active:bg-primary-500/20 focus-visible:ring-primary-500 disabled:opacity-60 disabled:hover:border-primary-500 disabled:active:border-primary-500"
            type="button"
          >
            Go home
          </button>
          <button
            aria-label="Show another message (press R)"
            class="select-none whitespace-nowrap font-medium cursor-pointer disabled:cursor-not-allowed transition-colors duration-200 motion-reduce:transition-none focus-visible:outline-none focus-visible:ring-2 focus-visible:ring-offset-2 ring-offset-dark text-base px-4 py-2 rounded-md text-neutral-400 bg-transparent hover:text-dark hover:bg-neutral-400/60 active:bg-neutral-400/60 focus-visible:ring-neutral-400 disabled:opacity-60 disabled:hover:text-neutral-400 disabled:hover:bg-transparent disabled:active:bg-transparent"
            title="Shuffle (R)"
            type="button"
          >
            Shuffle
          </button>
        </div>
        <div
          class="flex items-center gap-1.5 text-caption text-neutral-400"
        >
          <span>
            Tip: press
          </span>
          <kbd
            class="rounded shadow-2xl border border-foreground/20 p-1.5"
          >
            Esc
          </kbd>
          <span>
            to go home
          </span>
          <span>
            â€¢
          </span>
          <kbd
            class="rounded shadow-2xl border border-foreground/20 p-1.5"
          >
            R
          </kbd>
          <span>
             to shuffle
          </span>
        </div>
      </div>
    </div>
  </article>
</main>
`;
