// Vitest Snapshot v1, https://vitest.dev/guide/snapshot.html

exports[`MaintenanceMode > should match snapshot 1`] = `
<div
  class="relative grid min-h-dvh w-full place-items-center"
>
  <section
    aria-describedby="mm-desc"
    aria-labelledby="mm-title"
    class="grid w-full max-w-prose gap-8 px-6"
  >
    <header
      class="grid gap-2"
    >
      <div
        class="inline-flex items-center gap-2"
      >
        <svg
          aria-hidden="true"
          class="text-primary-500 h-[1.066rem] w-[1.066rem] animate-pulse motion-reduce:animate-none shrink-0"
          fill="none"
          viewBox="0 0 500 500"
          xmlns="http://www.w3.org/2000/svg"
        >
          <path
            d="M346.04 135.875L500 245.427L161.185 495.252C157.629 497.874 151.828 497.923 148.228 495.362L0.786259 390.448L346.04 135.875Z"
            fill="currentColor"
          />
          <path
            d="M148.322 4.74771C151.878 2.12562 157.68 2.07657 161.279 4.63814L333.785 127.386L179.023 241.499L9.54552e-05 114.113L148.322 4.74771Z"
            fill="currentColor"
          />
        </svg>
        <span
          class="heading-sm"
        >
          Nightstem
        </span>
      </div>
      <h1
        class="heading-lg"
        id="mm-title"
      >
        We'll be back soon
      </h1>
    </header>
    <p
      class="text-foreground/70"
      id="mm-desc"
    >
      We're making quiet upgrades. Thanks for your patience.
    </p>
    <div
      class="flex gap-3"
    >
      <a
        class="select-none whitespace-nowrap font-medium cursor-pointer disabled:cursor-not-allowed transition-colors duration-200 motion-reduce:transition-none focus-visible:outline-none focus-visible:ring-2 focus-visible:ring-offset-2 ring-offset-dark text-base px-4 py-2 rounded-md text-dark bg-primary-500 hover:bg-primary-400 active:bg-primary-400 focus-visible:ring-primary-500 disabled:opacity-60 disabled:hover:bg-primary-500 disabled:active:bg-primary-500"
        href="."
      >
        Try again
      </a>
    </div>
    <div
      class="flex items-center gap-1.5 border-t border-foreground/10 pt-3 text-caption text-foreground/60"
    >
      <span>
        Service unavailable (503)
      </span>
      <span>
        â€¢
      </span>
      <span>
        Please try again shortly.
      </span>
    </div>
  </section>
  <span
    class="absolute right-4 bottom-4 font-mono text-caption text-foreground/60"
  >
    v
    1.0.0
  </span>
</div>
`;
