// Vitest Snapshot v1, https://vitest.dev/guide/snapshot.html

exports[`matches snapshot 1`] = `
<div>
  <div
    class="w-full h-full"
  >
    Homepage
  </div>
</div>
`;
